suite 'baseline-main' against edac4be03b (config v1, model google/gemma-4-26b-a4b)
task A1 [held_in] ...
  A1 attempt 1/3: PASS (pass, 57.3s)
  A1 attempt 2/3: PASS (pass, 37.7s)
  A1 attempt 3/3: PASS (pass, 35.6s)
task A2 [held_in] ...
  A2 attempt 1/3: FAIL (fail, 25.3s)
  A2 attempt 2/3: FAIL (fail, 32.4s)
  A2 attempt 3/3: FAIL (fail, 28.4s)
task A3 [held_out] ...
  A3 attempt 1/5: PASS (pass, 32.4s)
  A3 attempt 2/5: PASS (pass, 29.4s)
  A3 attempt 3/5: PASS (pass, 27.3s)
  A3 attempt 4/5: PASS (pass, 25.7s)
  A3 attempt 5/5: PASS (pass, 24.5s)
task A4 [held_out] ...
  A4 attempt 1/5: FAIL (fail, 4.6s)
  A4 attempt 2/5: FAIL (fail, 4.6s)
  A4 attempt 3/5: FAIL (fail, 4.5s)
  A4 attempt 4/5: FAIL (fail, 4.4s)
  A4 attempt 5/5: FAIL (fail, 7.3s)
task B1 [held_in] ...
  B1 attempt 1/3: PASS (pass, 13.5s)
  B1 attempt 2/3: PASS (pass, 10.3s)
  B1 attempt 3/3: PASS (pass, 9.9s)
task B2 [held_in] ...
  B2 attempt 1/3: PASS (pass, 43.6s)
  B2 attempt 2/3: PASS (pass, 37.3s)
  B2 attempt 3/3: FAIL (not_attempted, 11.3s)
task B3 [held_out] ...
  B3 attempt 1/5: PASS (pass, 9.1s)
  B3 attempt 2/5: PASS (pass, 8.1s)
  B3 attempt 3/5: PASS (pass, 8.3s)
  B3 attempt 4/5: PASS (pass, 8.2s)
  B3 attempt 5/5: PASS (pass, 9.3s)
task C1 [held_in] ...
  C1 attempt 1/3: PASS (pass, 8.6s)
  C1 attempt 2/3: PASS (pass, 5.7s)
  C1 attempt 3/3: PASS (pass, 5.5s)
task C2 [held_in] ...
  C2 attempt 1/3: PASS (pass, 3.9s)
  C2 attempt 2/3: PASS (pass, 3.5s)
  C2 attempt 3/3: PASS (pass, 3.7s)
task C3 [held_out] ...
  C3 attempt 1/5: PASS (pass, 15.3s)
  C3 attempt 2/5: PASS (pass, 13.7s)
  C3 attempt 3/5: PASS (pass, 15.7s)
  C3 attempt 4/5: PASS (pass, 14.1s)
  C3 attempt 5/5: PASS (pass, 14.9s)
task D1 [held_in] ...
  D1 attempt 1/3: PASS (pass, 4.4s)
  D1 attempt 2/3: PASS (pass, 1.1s)
  D1 attempt 3/3: PASS (pass, 1.1s)
task D2 [held_in] ...
  D2 attempt 1/3: PASS (pass, 1.5s)
  D2 attempt 2/3: PASS (pass, 1.2s)
  D2 attempt 3/3: PASS (pass, 1.2s)
task D3 [held_out] ...
  D3 attempt 1/5: PASS (pass, 3.0s)
  D3 attempt 2/5: PASS (pass, 2.6s)
  D3 attempt 3/5: PASS (pass, 2.6s)
  D3 attempt 4/5: PASS (pass, 2.6s)
  D3 attempt 5/5: PASS (pass, 2.6s)
wrote results/baseline-main.json
{
  "held_in_rate": 0.8333,
  "held_out_rate": 0.8
}
