suite 'baseline-main-r3' against 5d789d1327 (config v1, model google/gemma-4-26b-a4b)
task A1 [held_in] ...
  A1 attempt 1/3: PASS (pass, 43.6s)
  A1 attempt 2/3: PASS (pass, 40.3s)
  A1 attempt 3/3: FAIL (fail, 65.6s)
task A2 [held_in] ...
  A2 attempt 1/3: FAIL (fail, 10.7s)
  A2 attempt 2/3: FAIL (fail, 10.7s)
  A2 attempt 3/3: FAIL (fail, 11.5s)
task A3 [held_out] ...
  A3 attempt 1/5: PASS (pass, 29.6s)
  A3 attempt 2/5: PASS (pass, 55.3s)
  A3 attempt 3/5: PASS (pass, 113.7s)
  A3 attempt 4/5: PASS (pass, 47.9s)
  A3 attempt 5/5: PASS (pass, 37.5s)
task A4 [held_out] ...
  A4 attempt 1/5: FAIL (fail, 5.0s)
  A4 attempt 2/5: FAIL (fail, 5.3s)
  A4 attempt 3/5: FAIL (fail, 5.3s)
  A4 attempt 4/5: FAIL (fail, 5.1s)
  A4 attempt 5/5: FAIL (fail, 5.0s)
task B1 [held_in] ...
  B1 attempt 1/3: PASS (pass, 14.5s)
  B1 attempt 2/3: PASS (pass, 9.4s)
  B1 attempt 3/3: PASS (pass, 9.6s)
task B2 [held_in] ...
  B2 attempt 1/3: PASS (pass, 26.9s)
  B2 attempt 2/3: FAIL (not_attempted, 12.6s)
  B2 attempt 3/3: PASS (pass, 31.6s)
task B3 [held_out] ...
  B3 attempt 1/5: PASS (pass, 13.8s)
  B3 attempt 2/5: PASS (pass, 11.8s)
  B3 attempt 3/5: PASS (pass, 13.8s)
  B3 attempt 4/5: PASS (pass, 12.1s)
  B3 attempt 5/5: PASS (pass, 13.1s)
task C1 [held_in] ...
  C1 attempt 1/3: PASS (pass, 8.2s)
  C1 attempt 2/3: PASS (pass, 6.5s)
  C1 attempt 3/3: PASS (pass, 6.5s)
task C2 [held_in] ...
  C2 attempt 1/3: PASS (pass, 4.4s)
  C2 attempt 2/3: PASS (pass, 4.1s)
  C2 attempt 3/3: PASS (pass, 4.0s)
task C3 [held_out] ...
  C3 attempt 1/5: PASS (pass, 17.3s)
  C3 attempt 2/5: PASS (pass, 17.8s)
  C3 attempt 3/5: PASS (pass, 14.0s)
  C3 attempt 4/5: PASS (pass, 19.1s)
  C3 attempt 5/5: PASS (pass, 14.6s)
task D1 [held_in] ...
  D1 attempt 1/3: PASS (pass, 3.2s)
  D1 attempt 2/3: PASS (pass, 1.7s)
  D1 attempt 3/3: PASS (pass, 1.7s)
task D2 [held_in] ...
  D2 attempt 1/3: PASS (pass, 1.7s)
  D2 attempt 2/3: PASS (pass, 1.8s)
  D2 attempt 3/3: PASS (pass, 1.8s)
task D3 [held_out] ...
  D3 attempt 1/5: PASS (pass, 4.0s)
  D3 attempt 2/5: PASS (pass, 3.6s)
  D3 attempt 3/5: PASS (pass, 3.8s)
  D3 attempt 4/5: PASS (pass, 3.7s)
  D3 attempt 5/5: PASS (pass, 3.8s)
wrote results/baseline-main-r3.json
{
  "held_in_rate": 0.7917,
  "held_out_rate": 0.8
}
