suite 'baseline-main-r2' against edac4be03b (config v1, model google/gemma-4-26b-a4b)
task A1 [held_in] ...
  A1 attempt 1/3: PASS (pass, 31.9s)
  A1 attempt 2/3: PASS (pass, 31.7s)
  A1 attempt 3/3: PASS (pass, 32.1s)
task A2 [held_in] ...
  A2 attempt 1/3: FAIL (fail, 19.8s)
  A2 attempt 2/3: FAIL (fail, 18.5s)
  A2 attempt 3/3: FAIL (fail, 18.4s)
task A3 [held_out] ...
  A3 attempt 1/5: PASS (pass, 18.7s)
  A3 attempt 2/5: PASS (pass, 16.2s)
  A3 attempt 3/5: PASS (pass, 15.7s)
  A3 attempt 4/5: PASS (pass, 15.7s)
  A3 attempt 5/5: PASS (pass, 15.9s)
task A4 [held_out] ...
  A4 attempt 1/5: FAIL (fail, 2.4s)
  A4 attempt 2/5: FAIL (fail, 2.8s)
  A4 attempt 3/5: FAIL (fail, 2.8s)
  A4 attempt 4/5: FAIL (fail, 2.7s)
  A4 attempt 5/5: FAIL (fail, 2.8s)
task B1 [held_in] ...
  B1 attempt 1/3: PASS (pass, 8.2s)
  B1 attempt 2/3: PASS (pass, 7.4s)
  B1 attempt 3/3: PASS (pass, 7.4s)
task B2 [held_in] ...
  B2 attempt 1/3: FAIL (not_attempted, 9.8s)
  B2 attempt 2/3: PASS (pass, 36.9s)
  B2 attempt 3/3: FAIL (not_attempted, 15.1s)
task B3 [held_out] ...
  B3 attempt 1/5: PASS (pass, 10.1s)
  B3 attempt 2/5: PASS (pass, 9.5s)
  B3 attempt 3/5: PASS (pass, 9.4s)
  B3 attempt 4/5: PASS (pass, 9.7s)
  B3 attempt 5/5: PASS (pass, 11.6s)
task C1 [held_in] ...
  C1 attempt 1/3: PASS (pass, 6.4s)
  C1 attempt 2/3: PASS (pass, 5.5s)
  C1 attempt 3/3: PASS (pass, 5.4s)
task C2 [held_in] ...
  C2 attempt 1/3: PASS (pass, 3.9s)
  C2 attempt 2/3: PASS (pass, 3.5s)
  C2 attempt 3/3: PASS (pass, 3.8s)
task C3 [held_out] ...
  C3 attempt 1/5: PASS (pass, 14.7s)
  C3 attempt 2/5: PASS (pass, 14.4s)
  C3 attempt 3/5: PASS (pass, 13.7s)
  C3 attempt 4/5: PASS (pass, 15.5s)
  C3 attempt 5/5: PASS (pass, 13.7s)
task D1 [held_in] ...
  D1 attempt 1/3: PASS (pass, 1.8s)
  D1 attempt 2/3: PASS (pass, 1.0s)
  D1 attempt 3/3: PASS (pass, 1.0s)
task D2 [held_in] ...
  D2 attempt 1/3: PASS (pass, 1.3s)
  D2 attempt 2/3: PASS (pass, 1.0s)
  D2 attempt 3/3: PASS (pass, 1.1s)
task D3 [held_out] ...
  D3 attempt 1/5: PASS (pass, 2.8s)
  D3 attempt 2/5: PASS (pass, 2.5s)
  D3 attempt 3/5: PASS (pass, 2.5s)
  D3 attempt 4/5: PASS (pass, 2.4s)
  D3 attempt 5/5: PASS (pass, 2.5s)
wrote results/baseline-main-r2.json
{
  "held_in_rate": 0.7917,
  "held_out_rate": 0.8
}
suite 'cand-clamp-8k' against edac4be03b+dirty (config v2, model google/gemma-4-26b-a4b)
task A1 [held_in] ...
  A1 attempt 1/3: PASS (pass, 45.7s)
  A1 attempt 2/3: PASS (pass, 33.7s)
  A1 attempt 3/3: PASS (pass, 34.2s)
task A2 [held_in] ...
  A2 attempt 1/3: FAIL (fail, 8.6s)
  A2 attempt 2/3: FAIL (fail, 1.8s)
  A2 attempt 3/3: FAIL (fail, 1.7s)
task A3 [held_out] ...
  A3 attempt 1/5: PASS (pass, 16.8s)
  A3 attempt 2/5: PASS (pass, 17.2s)
  A3 attempt 3/5: PASS (pass, 16.7s)
  A3 attempt 4/5: PASS (pass, 16.7s)
  A3 attempt 5/5: PASS (pass, 16.9s)
task A4 [held_out] ...
  A4 attempt 1/5: PASS (pass, 3.7s)
  A4 attempt 2/5: PASS (pass, 4.3s)
  A4 attempt 3/5: PASS (pass, 4.0s)
  A4 attempt 4/5: PASS (pass, 3.9s)
  A4 attempt 5/5: PASS (pass, 4.6s)
task B1 [held_in] ...
  B1 attempt 1/3: PASS (pass, 10.8s)
  B1 attempt 2/3: PASS (pass, 9.5s)
  B1 attempt 3/3: PASS (pass, 9.3s)
task B2 [held_in] ...
  B2 attempt 1/3: FAIL (not_attempted, 15.2s)
  B2 attempt 2/3: PASS (pass, 26.8s)
  B2 attempt 3/3: FAIL (not_attempted, 17.6s)
task B3 [held_out] ...
  B3 attempt 1/5: PASS (pass, 10.7s)
  B3 attempt 2/5: PASS (pass, 7.6s)
  B3 attempt 3/5: PASS (pass, 11.4s)
  B3 attempt 4/5: PASS (pass, 9.3s)
  B3 attempt 5/5: PASS (pass, 8.5s)
task C1 [held_in] ...
  C1 attempt 1/3: PASS (pass, 7.4s)
  C1 attempt 2/3: PASS (pass, 5.1s)
  C1 attempt 3/3: PASS (pass, 5.4s)
task C2 [held_in] ...
  C2 attempt 1/3: PASS (pass, 3.7s)
  C2 attempt 2/3: PASS (pass, 3.3s)
  C2 attempt 3/3: PASS (pass, 3.4s)
task C3 [held_out] ...
  C3 attempt 1/5: PASS (pass, 14.0s)
  C3 attempt 2/5: PASS (pass, 13.7s)
  C3 attempt 3/5: PASS (pass, 17.5s)
  C3 attempt 4/5: PASS (pass, 18.3s)
  C3 attempt 5/5: PASS (pass, 14.1s)
task D1 [held_in] ...
  D1 attempt 1/3: PASS (pass, 5.3s)
  D1 attempt 2/3: PASS (pass, 1.1s)
  D1 attempt 3/3: PASS (pass, 1.1s)
task D2 [held_in] ...
  D2 attempt 1/3: PASS (pass, 1.4s)
  D2 attempt 2/3: PASS (pass, 1.1s)
  D2 attempt 3/3: PASS (pass, 1.1s)
task D3 [held_out] ...
  D3 attempt 1/5: PASS (pass, 2.8s)
  D3 attempt 2/5: PASS (pass, 2.4s)
  D3 attempt 3/5: PASS (pass, 2.4s)
  D3 attempt 4/5: PASS (pass, 2.5s)
  D3 attempt 5/5: PASS (pass, 2.4s)
wrote results/cand-clamp-8k.json
{
  "held_in_rate": 0.7917,
  "held_out_rate": 1.0
}
suite 'cand-clamp-12k' against edac4be03b+dirty (config v2, model google/gemma-4-26b-a4b)
task A1 [held_in] ...
  A1 attempt 1/3: PASS (pass, 46.0s)
  A1 attempt 2/3: PASS (pass, 35.0s)
  A1 attempt 3/3: PASS (pass, 35.6s)
task A2 [held_in] ...
  A2 attempt 1/3: PASS (pass, 9.6s)
  A2 attempt 2/3: PASS (pass, 5.0s)
  A2 attempt 3/3: PASS (pass, 1.4s)
task A3 [held_out] ...
  A3 attempt 1/5: PASS (pass, 17.3s)
  A3 attempt 2/5: PASS (pass, 17.0s)
  A3 attempt 3/5: PASS (pass, 16.5s)
  A3 attempt 4/5: PASS (pass, 16.7s)
  A3 attempt 5/5: PASS (pass, 16.6s)
task A4 [held_out] ...
  A4 attempt 1/5: PASS (pass, 3.7s)
  A4 attempt 2/5: PASS (pass, 4.0s)
  A4 attempt 3/5: PASS (pass, 3.9s)
  A4 attempt 4/5: PASS (pass, 3.9s)
  A4 attempt 5/5: PASS (pass, 5.6s)
task B1 [held_in] ...
  B1 attempt 1/3: PASS (pass, 8.8s)
  B1 attempt 2/3: PASS (pass, 8.2s)
  B1 attempt 3/3: PASS (pass, 8.5s)
task B2 [held_in] ...
  B2 attempt 1/3: PASS (pass, 32.6s)
  B2 attempt 2/3: FAIL (not_attempted, 16.3s)
  B2 attempt 3/3: PASS (pass, 26.6s)
task B3 [held_out] ...
  B3 attempt 1/5: PASS (pass, 10.9s)
  B3 attempt 2/5: PASS (pass, 8.6s)
  B3 attempt 3/5: PASS (pass, 11.8s)
  B3 attempt 4/5: PASS (pass, 8.7s)
  B3 attempt 5/5: PASS (pass, 8.5s)
task C1 [held_in] ...
  C1 attempt 1/3: PASS (pass, 7.9s)
  C1 attempt 2/3: PASS (pass, 5.0s)
  C1 attempt 3/3: PASS (pass, 5.0s)
task C2 [held_in] ...
  C2 attempt 1/3: PASS (pass, 3.6s)
  C2 attempt 2/3: PASS (pass, 3.3s)
  C2 attempt 3/3: PASS (pass, 3.3s)
task C3 [held_out] ...
  C3 attempt 1/5: PASS (pass, 14.3s)
  C3 attempt 2/5: PASS (pass, 13.9s)
  C3 attempt 3/5: PASS (pass, 16.2s)
  C3 attempt 4/5: PASS (pass, 13.7s)
  C3 attempt 5/5: PASS (pass, 17.2s)
task D1 [held_in] ...
  D1 attempt 1/3: PASS (pass, 1.8s)
  D1 attempt 2/3: PASS (pass, 1.0s)
  D1 attempt 3/3: PASS (pass, 1.0s)
task D2 [held_in] ...
  D2 attempt 1/3: PASS (pass, 1.4s)
  D2 attempt 2/3: PASS (pass, 1.0s)
  D2 attempt 3/3: PASS (pass, 1.0s)
task D3 [held_out] ...
  D3 attempt 1/5: PASS (pass, 2.8s)
  D3 attempt 2/5: PASS (pass, 2.4s)
  D3 attempt 3/5: PASS (pass, 2.4s)
  D3 attempt 4/5: PASS (pass, 2.4s)
  D3 attempt 5/5: PASS (pass, 2.4s)
wrote results/cand-clamp-12k.json
{
  "held_in_rate": 0.9583,
  "held_out_rate": 1.0
}
suite 'cand-clamp-12k-window-8k' against edac4be03b+dirty (config v2, model google/gemma-4-26b-a4b)
task A1 [held_in] ...
  A1 attempt 1/3: FAIL (fail, 99.9s)
  A1 attempt 2/3: FAIL (fail, 86.6s)
  A1 attempt 3/3: FAIL (fail, 83.4s)
task A2 [held_in] ...
  A2 attempt 1/3: PASS (pass, 10.2s)
  A2 attempt 2/3: PASS (pass, 1.5s)
  A2 attempt 3/3: PASS (pass, 1.5s)
task A3 [held_out] ...
  A3 attempt 1/5: PASS (pass, 17.6s)
  A3 attempt 2/5: PASS (pass, 17.0s)
  A3 attempt 3/5: PASS (pass, 16.6s)
  A3 attempt 4/5: PASS (pass, 16.8s)
  A3 attempt 5/5: PASS (pass, 17.1s)
task A4 [held_out] ...
  A4 attempt 1/5: PASS (pass, 3.9s)
  A4 attempt 2/5: PASS (pass, 4.8s)
  A4 attempt 3/5: PASS (pass, 7.1s)
  A4 attempt 4/5: PASS (pass, 4.0s)
  A4 attempt 5/5: PASS (pass, 8.0s)
task B1 [held_in] ...
  B1 attempt 1/3: PASS (pass, 10.5s)
  B1 attempt 2/3: PASS (pass, 7.9s)
  B1 attempt 3/3: PASS (pass, 8.1s)
task B2 [held_in] ...
  B2 attempt 1/3: PASS (pass, 26.3s)
  B2 attempt 2/3: FAIL (not_attempted, 10.6s)
  B2 attempt 3/3: FAIL (not_attempted, 18.3s)
task B3 [held_out] ...
  B3 attempt 1/5: PASS (pass, 11.2s)
  B3 attempt 2/5: PASS (pass, 9.2s)
  B3 attempt 3/5: PASS (pass, 9.9s)
  B3 attempt 4/5: PASS (pass, 9.3s)
  B3 attempt 5/5: PASS (pass, 8.0s)
task C1 [held_in] ...
  C1 attempt 1/3: PASS (pass, 5.8s)
  C1 attempt 2/3: PASS (pass, 5.5s)
  C1 attempt 3/3: PASS (pass, 5.4s)
task C2 [held_in] ...
  C2 attempt 1/3: PASS (pass, 4.0s)
  C2 attempt 2/3: PASS (pass, 3.6s)
  C2 attempt 3/3: PASS (pass, 3.6s)
task C3 [held_out] ...
  C3 attempt 1/5: PASS (pass, 15.0s)
  C3 attempt 2/5: PASS (pass, 14.8s)
  C3 attempt 3/5: PASS (pass, 17.0s)
  C3 attempt 4/5: PASS (pass, 17.1s)
  C3 attempt 5/5: PASS (pass, 14.9s)
task D1 [held_in] ...
  D1 attempt 1/3: PASS (pass, 2.0s)
  D1 attempt 2/3: PASS (pass, 1.1s)
  D1 attempt 3/3: PASS (pass, 1.1s)
task D2 [held_in] ...
  D2 attempt 1/3: PASS (pass, 1.3s)
  D2 attempt 2/3: PASS (pass, 1.1s)
  D2 attempt 3/3: PASS (pass, 1.1s)
task D3 [held_out] ...
  D3 attempt 1/5: PASS (pass, 2.9s)
  D3 attempt 2/5: PASS (pass, 2.5s)
  D3 attempt 3/5: PASS (pass, 2.5s)
  D3 attempt 4/5: PASS (pass, 2.5s)
  D3 attempt 5/5: PASS (pass, 2.5s)
wrote results/cand-clamp-12k-window-8k.json
{
  "held_in_rate": 0.7917,
  "held_out_rate": 1.0
}
candidate clamp-8k: applied max_item_chars: 4000 -> 8000 (config v2)
candidate clamp-8k: Δ_in=+0.0000 Δ_ho=+0.2000 -> ACCEPTED
wrote iterations/iter-01/validation-clamp-8k.json
candidate clamp-12k: applied max_item_chars: 4000 -> 12000 (config v2)
candidate clamp-12k: Δ_in=+0.1667 Δ_ho=+0.2000 -> ACCEPTED
wrote iterations/iter-01/validation-clamp-12k.json
candidate clamp-12k-window-8k: applied max_item_chars: 4000 -> 12000, default_context_limit: 4000 -> 8000 (config v2)
candidate clamp-12k-window-8k: Δ_in=+0.0000 Δ_ho=+0.2000 -> ACCEPTED
wrote iterations/iter-01/validation-clamp-12k-window-8k.json

=== validation summary ===
clamp-8k: Δ_in=+0.0000 Δ_ho=+0.2000 ACCEPTED
clamp-12k: Δ_in=+0.1667 Δ_ho=+0.2000 ACCEPTED
clamp-12k-window-8k: Δ_in=+0.0000 Δ_ho=+0.2000 ACCEPTED
